Real source file is 12.8GB total.
Header has 957 columns.
  Sampling point 1/15 (~0.00GB into the file, 0s elapsed)...
  Sampling point 2/15 (~0.86GB into the file, 1s elapsed)...
  Sampling point 3/15 (~1.71GB into the file, 2s elapsed)...
  Sampling point 4/15 (~2.57GB into the file, 3s elapsed)...
  Sampling point 5/15 (~3.42GB into the file, 4s elapsed)...
  Sampling point 6/15 (~4.28GB into the file, 5s elapsed)...
  Sampling point 7/15 (~5.13GB into the file, 6s elapsed)...
  Sampling point 8/15 (~5.99GB into the file, 7s elapsed)...
  Sampling point 9/15 (~6.84GB into the file, 7s elapsed)...
  Sampling point 10/15 (~7.70GB into the file, 9s elapsed)...
  Sampling point 11/15 (~8.55GB into the file, 10s elapsed)...
  Sampling point 12/15 (~9.41GB into the file, 11s elapsed)...
  Sampling point 13/15 (~10.26GB into the file, 12s elapsed)...
  Sampling point 14/15 (~11.12GB into the file, 13s elapsed)...
  Sampling point 15/15 (~11.97GB into the file, 14s elapsed)...
Subsample: 18000 rows across 12 real turbines, fetched in 15s.
Traceback (most recent call last):
  File "/home/runner/work/MLNEEGY/MLNEEGY/train_wind_turbine.py", line 265, in <module>
    main()
  File "/home/runner/work/MLNEEGY/MLNEEGY/train_wind_turbine.py", line 156, in main
    df, feature_cols = add_labels_and_features(df)
                       ^^^^^^^^^^^^^^^^^^^^^^^^^^^
  File "/home/runner/work/MLNEEGY/MLNEEGY/train_wind_turbine.py", line 147, in add_labels_and_features
    roll = g[c].rolling(ROLL_WINDOW, min_periods=1).mean().reset_index(level=0, drop=True)
                        ^^^^^^^^^^^
NameError: name 'ROLL_WINDOW' is not defined
